// Jest Snapshot v1, https://goo.gl/fbAQLP

exports[`Header renders correctly 1`] = `
<DocumentFragment>
  <div
    class="sc-AxhCb giPoSW"
  >
    <img
      alt="Logo"
      class="sc-AxhUy fcbIvt"
      src="logo.svg"
    />
    <div
      class="sc-AxjAm cUUMCg"
    >
      <h3
        class="sc-AxirZ fCOrbU"
      >
        score
      </h3>
      <div
        class="sc-AxiKw jcaSpX"
      />
    </div>
  </div>
</DocumentFragment>
`;
