// Jest Snapshot v1, https://goo.gl/fbAQLP

exports[`Header renders correctly 1`] = `
<DocumentFragment>
  <div
    class="sc-AxhCb fOvtDg"
  >
    <img
      alt="Logo"
      class="sc-AxhUy bLqvIu"
    />
    <div
      class="sc-AxjAm gMLAIV"
    >
      <h3
        class="sc-AxirZ BhAjS"
      >
        score
      </h3>
      <div
        class="sc-AxiKw bcQQe"
      />
    </div>
  </div>
</DocumentFragment>
`;
